// Jest Snapshot v1, https://goo.gl/fbAQLP

exports[`Pruebas con <CounterApp /> debe mostrar <GifGridItem /> correctamente 1`] = `
<div
  className="card animate__animated animate__rubberBand"
>
  <img
    alt="Esto es un titulo"
    src="https://localhost/logo.png"
  />
  <p>
     
    Esto es un titulo
  </p>
</div>
`;
